// Jest Snapshot v1, https://goo.gl/fbAQLP

exports[`Correctly render bar graph where: scale < 1, all bins of equal size colored 1`] = `"data:image/png;base64,iVBORw0KGgoAAAANSUhEUgAAAGQAAABkCAYAAABw4pVUAAAABmJLR0QA/wD/AP+gvaeTAAAAy0lEQVR4nO3cMQqAMBAAwYv//7O2Kta6wkyZKrAcqXJrn9nnZs2s+xnv2L6+AFeCxAgSI0iMIDGCxAgSI0iMIDGCxAgSI0iMIDGCxAgSI0iMIDGCxAgSI0iMIDGCxAgSI0iMIDGCxAgSI0iMIDGCxAgSI0iMIDGCxGy+r7WYkBhBYgSJESRGkBhBYgSJESRGkKLzApqnZTS8x4TECBIjSIwgRR7yDhMSI0iMIDGCxAgSI0iMIDGCxAgCAAAAAAAAAAAAAAAAAAAAP3YAx98IcIy7vP4AAAAASUVORK5CYII="`;

exports[`Correctly render bar graph where: scale < 1, all bins of equal size margin 1`] = `"data:image/png;base64,iVBORw0KGgoAAAANSUhEUgAAAGQAAAB4CAYAAAAE9le0AAAABmJLR0QA/wD/AP+gvaeTAAAAzUlEQVR4nO3bIQ7AIBAAwSv//zPVFXVNWTGjCOqSzQXFDAAAANBxzcx+ueeAdXoAngSJESRGkBhBYgSJESRGkBhBYgSJESRGkBhBYgSJESRGkBhBYgSJESRGkBhBYgSJESRGkBhBYgSJESRGkBhBYgSJESRGkBhBYgSJWeP7WooNiREkRpAYQWIEiREkRpAYQWIEidovZ35mQ2IEiREkRpAoD3mEDYkRJEaQGEFiBIkRJEaQGEFiBAEAAAAAAAAAAAAAAAAAAAAAAACAT9zSRwRy86qz4AAAAABJRU5ErkJggg=="`;

exports[`Correctly render bar graph where: scale < 1, all bins of equal size margin top and bottom, inverted 1`] = `"data:image/png;base64,iVBORw0KGgoAAAANSUhEUgAAAGQAAAB9CAYAAABUO8YHAAAABmJLR0QA/wD/AP+gvaeTAAAAz0lEQVR4nO3bMQrAIBAAwUv+/2dTB2Ibt5ipxOpgOaycAQAAAAAAAAC+XDOzNvcccJ8egDdBYgSJESRGkBhBYgSJESRGkBhBYgSJESRGkBhBYgSJESRGkBhBYgSJESRGkBhBYgSJESRGkBhBYgSJESRGkBhBYgSJESRGkBhBYu7xfS3FhsQIEiNIjCAxgsQIEiNIjCAxgkStzZmf2ZAYQWIEiREkykMeYUNiBIkRJEaQGEFiBIkRJEaQGEEAAAAAAAAAAAAAAAAAAAAAAOC0Bw8ZBHJFyvNuAAAAAElFTkSuQmCC"`;

exports[`Correctly render bar graph where: scale < 1, all bins of equal size margin top and bottom, not inverted 1`] = `"data:image/png;base64,iVBORw0KGgoAAAANSUhEUgAAAGQAAAB9CAYAAABUO8YHAAAABmJLR0QA/wD/AP+gvaeTAAAAz0lEQVR4nO3bMQrAIBAAwUv+/2dTp0gbF5mpxOpgOaycAQCOcM3M+rhng3v3ALwJEiNIjCAxgsQIEiNIjCAxgsQIEiNIjCAxgsQIEiNIjCAxgsQIEiNIjCAxgsQIEiNIjCAxgsQIEiNIjCAxgsQIEiNIjCAxgsQIEnOP72spNiRGkBhBYgSJESRGkBhBYgSJESRqfZz5mQ2JESRGkBhBojzkETYkRpAYQWIEiREkRpAYQWIEiREEAAAAAAAAAAAAAAAAAAAAAAAAAAAAAIDjPHBABHIaf/liAAAAAElFTkSuQmCC"`;

exports[`Correctly render bar graph where: scale < 1, all bins of equal size no margin 1`] = `"data:image/png;base64,iVBORw0KGgoAAAANSUhEUgAAAGQAAABkCAYAAABw4pVUAAAABmJLR0QA/wD/AP+gvaeTAAAAxklEQVR4nO3bMQqAMBAAwdP//znWora6wkwVUh0sR6psM7Pmaru54wX71wNwJkiMIDGCxAgSI0iMIDGCxAgSI0iMIDGCxAgSI0iMIDGCxAgSI0iMIDGCxAgSI0iMIDGCxAgSI0iMIDGCxAgSI0iMIDGCxAgSI0jMPr6vpdiQGEFiBIkRJEaQGEFiBIkRJEaQqPVw5mU2JEaQGEFiBInykEfYkBhBYgSJESRGkBhBYgSJESRGEAAAAAAAAAAAAAAAAAAAAPixAxzeBHK25a1MAAAAAElFTkSuQmCC"`;

exports[`Correctly render bar graph where: scale < 1, all bins of equal size the graph has two datasets coloured red and blue 1`] = `"data:image/png;base64,iVBORw0KGgoAAAANSUhEUgAAAGQAAABkCAYAAABw4pVUAAAABmJLR0QA/wD/AP+gvaeTAAAA20lEQVR4nO3cMQrDMBAAwZP//2e5deLU9kJmSlWC5VClWzN7z81a9zOecLx9AT4JEiNIjCAxgsQIEiNIjCAxgsQIEiNIjCAxgsQIEiNIjCAxgsQIEiNIjCAxgsQIEiNIjCAxgsQIEiNIjCAxgsQIEiNIjCAxgsQIEnPMrLXHD7YKExIjSIwgMYLECBIjSIwgMYLECBLzFcTSmbeZkBhBYgSJESTmEsSDXmBCYgSJESRGkBhBYgSJESRGkBhB+n7tgucpJiRGkBhBYgQBAAAAAAAAAAAAAAAAgP90AomZBYSk5Ir5AAAAAElFTkSuQmCC"`;

exports[`Correctly render bar graph where: scale < 1, all bins of equal size the graph has two datasets coloured red and blue 2`] = `""`;

exports[`Correctly render bar graph where: scale < 1, all bins of equal size the graph has two datasets one with globalAlpha set 1`] = `"data:image/png;base64,iVBORw0KGgoAAAANSUhEUgAAAGQAAABkCAYAAABw4pVUAAAABmJLR0QA/wD/AP+gvaeTAAAA7UlEQVR4nO3csQrCMBRA0df+uOmX61ARFGd7wXPIkk6ByyPQIdtt1n0+HLO2z2/8xn71AXgnSIwgMYLECBIjSIwgMYLECBIjSIwgMYLECBIjSIwgMYLECBIjSIwgMYLECBIjSIwgMYLECBIjSIwgMYLECBIjSIwgMYLECBIjSMx+zNrWrKvPwZMJiREkRpAYQWIEiREkRpAYQWIEKbqfa83MfHuMht8xITGCxAgSI0jReam/dv7FX8iExAgSI0iMIDGCxAgSI0iMIDGCxOwzM9uMt94jTEiMIDGCxAgCAAAAAAAAAAAAAAAAAP/pAcUyDnqquoLKAAAAAElFTkSuQmCC"`;

exports[`Correctly render bar graph where: scale < 1, all bins of equal size the graph has two datasets one with globalAlpha set 2`] = `""`;

exports[`Correctly render bar graph where: scale < 1, final bin is small colored 1`] = `"data:image/png;base64,iVBORw0KGgoAAAANSUhEUgAAAGQAAABkCAYAAABw4pVUAAAABmJLR0QA/wD/AP+gvaeTAAAAuklEQVR4nO3cMQrDQAwAQd39PC93mhQOuDTcFjMvECxSqXXNXPOzZtZw1D49AP8EiREkRpAYQWIEiREkRpAYQWIEiREkRpAYQWIEiREkRpAYQWIEiREkRpAYQWIEiREkRpAYQWIEiREkRpAYQWIEiREkRpAYQWIEiREkRpAYQWIEiREkRpAYQWIEiREkRpCYPePpTIkNidkz8zk9BA/uf7M4x8kCAAAAAAAAAAAAAAAAAAAAAAAAgFd8AaNKBOOjh/ecAAAAAElFTkSuQmCC"`;

exports[`Correctly render bar graph where: scale < 1, final bin is small margin 1`] = `"data:image/png;base64,iVBORw0KGgoAAAANSUhEUgAAAGQAAAB4CAYAAAAE9le0AAAABmJLR0QA/wD/AP+gvaeTAAAAw0lEQVR4nO3cMQrDMBAAwbN/7pfbVYoEgyujJcx0AhUHi1TeDAAAANCxzcz5c2ahffUAfBMkRpAYQWIEiREkRpAYQWIEiREkRpAYQWIEiREkRpAYQWIEiREkRpAYQWIEiREkRpAYQWIEiREkRpAYQWIEiREkRpAYQWIEiREkRpAYQWIEiREkRpAYQWIEiREkRpAYQWI+QSydifBCYvaZOVYPwb3z+Qpv82UBAAAAAAAAAAAAAAAAAAAAAAAAAAAAAPB3Lsy4AuOKjnyRAAAAAElFTkSuQmCC"`;

exports[`Correctly render bar graph where: scale < 1, final bin is small margin top and bottom, inverted 1`] = `"data:image/png;base64,iVBORw0KGgoAAAANSUhEUgAAAGQAAAB9CAYAAABUO8YHAAAABmJLR0QA/wD/AP+gvaeTAAAAxUlEQVR4nO3cMQrDMBAAwYt/npfblTEJBldGW8x0AhUHi1TeDAAAAAAAAABw5zMz+9+ZhbbVA/BLkBhBYgSJESRGkBhBYgSJESRGkBhBYgSJESRGkBhBYgSJESRGkBhBYgSJESRGkBhBYgSJESRGkBhBYgSJESRGkBhBYgSJESRGkBhBYgSJESRGkBhBYgSJESRGkBhBYgSJOYNYOhPhhcRsM/NdPQT39ucrvM2XBQAAAAAAAAAAAAAAAAAAAAAAAAAAAJcDPzkC41fwt6YAAAAASUVORK5CYII="`;

exports[`Correctly render bar graph where: scale < 1, final bin is small margin top and bottom, not inverted 1`] = `"data:image/png;base64,iVBORw0KGgoAAAANSUhEUgAAAGQAAAB9CAYAAABUO8YHAAAABmJLR0QA/wD/AP+gvaeTAAAAxklEQVR4nO3cMQrDMBAAwbN/npfblQuHQCqjxcx0AhUHi1TeDADwCtvMHF9nFtpXD8CdIDGCxAgSI0iMIDGCxAgSI0iMIDGCxAgSI0iMIDGCxAgSI0iMIDGCxAgSI0iMIDGCxAgSI0iMIDGCxAgSI0iMIDGCxAgSI0iMIDGCxAgSI0iMIDGCxAgSI0iMIDGCxAgScwWxdCbCC4nZZ+azegh+O/5f4Wm+LAAAAAAAAAAAAAAAAAAAAAAAAAAAAAAAAAAAAB50Av9EAuMm9XHCAAAAAElFTkSuQmCC"`;

exports[`Correctly render bar graph where: scale < 1, final bin is small no margin 1`] = `"data:image/png;base64,iVBORw0KGgoAAAANSUhEUgAAAGQAAABkCAYAAABw4pVUAAAABmJLR0QA/wD/AP+gvaeTAAAAuklEQVR4nO3cMQrDQAwAQdk/z8vtyphAII3NbTFTXyFYTqW2mTnmtg1L7asH4JsgMYLECBIjSIwgMYLECBIjSIwgMYLECBIjSIwgMYLECBIjSIwgMYLECBIjSIwgMYLECBIjSIwgMYLECBIjSIwgMYLECBIjSIwgMYLECBIjSIwgMYLECBIjSIwgMYLECBJzBXF0JsIPidln5rN6CH47/j/hbVYWAAAAAAAAAAAAAAAAAAAAAAAAADziBIKtAuMnCSU+AAAAAElFTkSuQmCC"`;

exports[`Correctly render bar graph where: scale < 1, final bin is small the graph has two datasets coloured red and blue 1`] = `"data:image/png;base64,iVBORw0KGgoAAAANSUhEUgAAAGQAAABkCAYAAABw4pVUAAAABmJLR0QA/wD/AP+gvaeTAAAA00lEQVR4nO3cQQoDIRAAwdGf5+XmEpbkBTakCuYuNM5N18w581hruGrfPgC/BIkRJEaQGEFiBIkRJEaQGEFiBIkRJEaQGEFiBIkRJEaQGEFiBIkRJEaQGEFiBIkRJEaQGEFiBIkRJEaQGEFiBIkRJEaQGEFiBInZZ7xiK3FDYgSJESRGkBhBYgSJESRGkBhBYgSJESRmz8zrM7R8/5vFLVZWjCAxgsQIEiNIjCAxgsQIEiNIjCAxgsQIEiNIjCAxgsQIAgAAAAAAAAAAAAAAAAD/6Q2CCQaAaBfKAAAAAABJRU5ErkJggg=="`;

exports[`Correctly render bar graph where: scale < 1, final bin is small the graph has two datasets coloured red and blue 2`] = `""`;

exports[`Correctly render bar graph where: scale < 1, final bin is small the graph has two datasets one with globalAlpha set 1`] = `"data:image/png;base64,iVBORw0KGgoAAAANSUhEUgAAAGQAAABkCAYAAABw4pVUAAAABmJLR0QA/wD/AP+gvaeTAAAA6ElEQVR4nO3YwW3DQBAEwSETF5mZM5Mf8sOOgA24KoIBGnuPO1673vtx7zrGo86nB/CXIDGCxAgSI0iMIDGCxAgSI0iMIDGCxAgSI0iMIDGCxAgSI0iMIDGCxAgSI0iMIDGCxAgSI0iMIDGCxAgSI0iMIDGCxAgSI0iMIDHntevpDfziQmIEiREkRpAYQWIEiREkRpAYQWLObbv3up8ewocLiTm33du+nh7Cx3ls13YIEuHJ6nr7hw9wITGCxAgSI0iMIDGCxAgSI0iMIDGCxAgSI0iMIDGCAAAAAAAAAAAAAAAAAMD/9A1/8QoDEa51cQAAAABJRU5ErkJggg=="`;

exports[`Correctly render bar graph where: scale < 1, final bin is small the graph has two datasets one with globalAlpha set 2`] = `""`;

exports[`Correctly render bar graph where: scale < 1, final bin size = 1 colored 1`] = `"data:image/png;base64,iVBORw0KGgoAAAANSUhEUgAAAGQAAABkCAYAAABw4pVUAAAABmJLR0QA/wD/AP+gvaeTAAAA10lEQVR4nO3asQ3DMBAEwad7tPrvhE4lN8AFNFPBAQsy+rVn9tysmTUc8zk9gCdBYgSJESRGkBhBYgSJESRGkBhBYgSJESRGkBhBYgSJESRGkBhBYgSJESRGkBhBYgSJESRGkBhBYgSJESRGkKI9s/+v4DnDC4kRJEaQGEFiBIkRJEaQGEFiBIkRJEaQGEFiBIkRJEaQGEFiBIkRJEaQGEFiBIkRJOYe5Dq2gic3WR2+rBhBYgSJESRGkBhBYgSJEaRoz3xPbwAAAAAAAAAAAAAAAAAAeLMfLsUKHrqMx9cAAAAASUVORK5CYII="`;

exports[`Correctly render bar graph where: scale < 1, final bin size = 1 margin 1`] = `"data:image/png;base64,iVBORw0KGgoAAAANSUhEUgAAAGQAAAB4CAYAAAAE9le0AAAABmJLR0QA/wD/AP+gvaeTAAAA4UlEQVR4nO3aMQrDMBAAwUvyRn8935EbQzBJr4XMgBCoOlikSjMAAABAx2Nm1o8zNnnuHoA7QWIEiREkRpAYQWIEiREkRpAYQWIEiREkRpAYQWIEiREkRpAYQWIEiREkRpAYQWIEiREkRpAYQWIEiREkRpCoNd+/4NnADYkRJEaQGEFiBIkRJEaQGEFiBIkRJEaQGEFiBIkRJEaQGEFiBIkRJEaQGEFiBIkRJGrNzLF7CD78yYrwZMUIEiNIjCAxgsQIEiNIjCAxr2t/XwsAAAAAAAAAAAAAAAAAAAAAAODPnWktB3jnIBQPAAAAAElFTkSuQmCC"`;

exports[`Correctly render bar graph where: scale < 1, final bin size = 1 margin top and bottom, inverted 1`] = `"data:image/png;base64,iVBORw0KGgoAAAANSUhEUgAAAGQAAAB9CAYAAABUO8YHAAAABmJLR0QA/wD/AP+gvaeTAAAA5UlEQVR4nO3aMQrDMBAAwUvyxnw931EagzFxlUZbzIAQqDpYpEozAAAAAAAAAMCdx8ysmzM2ee4egCtBYgSJESRGkBhBYgSJESRGkBhBYgSJESRGkBhBYgSJESRGkBhBYgSJESRGkBhBYgSJESRGkBhBYgSJESRGkKg1v7/g2cANiREkRpAYQWIEiREkRpAYQWIEiREkRpAYQWIEiREkRpAYQWIEiREkRpAYQWIEiREkas3Me/cQnPzJivBkxQgSI0iMIDGCxAgSI0iMIDGvY/8cCwAAAAAAAAAAAAAAAAAAAIB/fQH2igd4p245tAAAAABJRU5ErkJggg=="`;

exports[`Correctly render bar graph where: scale < 1, final bin size = 1 margin top and bottom, not inverted 1`] = `"data:image/png;base64,iVBORw0KGgoAAAANSUhEUgAAAGQAAAB9CAYAAABUO8YHAAAABmJLR0QA/wD/AP+gvaeTAAAA40lEQVR4nO3aMQrDMBAAwUvyRn8935EbQzBJryXMgBCoOlikSjMAwF94zMz6ccYmz90DcCdIjCAxgsQIEiNIjCAxgsQIEiNIjCAxgsQIEiNIjCAxgsQIEiNIjCAxgsQIEiNIjCAxgsQIEiNIjCAxgsQIErXm+xc8G7ghMYLECBIjSIwgMYLECBIjSIwgMYLECBIjSIwgMYLECBIjSIwgMYLECBIjSIwgMYJErZk5dg/Bhz9ZEZ6sGEFiBIkRJEaQGEFiBIkRJOZ17e9rAQAAAAAAAAAAAAAAAAAAAAAAAAAAAGScZeMHeNAZTOMAAAAASUVORK5CYII="`;

exports[`Correctly render bar graph where: scale < 1, final bin size = 1 no margin 1`] = `"data:image/png;base64,iVBORw0KGgoAAAANSUhEUgAAAGQAAABkCAYAAABw4pVUAAAABmJLR0QA/wD/AP+gvaeTAAAA10lEQVR4nO3asQnEMBAAwfN/jW7925ETw2NcgDaYAaH0YJGiO2ZmzdMxbPPZPQBPgsQIEiNIjCAxgsQIEiNIjCAxgsQIEiNIjCAxgsQIEiNIjCAxgsQIEiNIjCAxgsQIEiNIjCAxgsQIEiNIjCBRa95b8GzghcQIEiNIjCAxgsQIEiNIjCAxgsQIEiNIjCAxgsQIEiNIjCAxgsQIEiNIjCAxgsQIErVm5tw9BH92siJ8WTGCxAgSI0iMIDGCxAgSI0jM975/9wEAAAAAAAAAAAAAAAAAYIMLVPgHeJsfhCYAAAAASUVORK5CYII="`;

exports[`Correctly render bar graph where: scale < 1, final bin size = 1 the graph has two datasets coloured red and blue 1`] = `"data:image/png;base64,iVBORw0KGgoAAAANSUhEUgAAAGQAAABkCAYAAABw4pVUAAAABmJLR0QA/wD/AP+gvaeTAAAA8ElEQVR4nO3cQQoDIRAAwXEfmf//xFwSyOaWS+xD1QsGGgVRXDN7z81awzHX6QG4EyRGkBhBYgSJESRGkBhBYgSJESRGkBhBYgSJESRGkBhBYgSJESRGkBhBYgSJESRGkBhBYgSJESRGkBhBYgSJubx2b7FCYgSJESRGkBhBYgSJESRGkBhBYgSJESRGkBhBYgSJESRGkBhBYgSJESTmmpnZs2aPq/UCKyRGkJjPII9jU3C3Z14/k37/UMq/2bJiBIkRJEaQGEFiBIkRJEaQmHcQp/QmJ/XTbFkxgsQIEiNIjCAAAAAAAAAAAAAAAMCPnldBCzAvePW2AAAAAElFTkSuQmCC"`;

exports[`Correctly render bar graph where: scale < 1, final bin size = 1 the graph has two datasets coloured red and blue 2`] = `""`;

exports[`Correctly render bar graph where: scale < 1, final bin size = 1 the graph has two datasets one with globalAlpha set 1`] = `"data:image/png;base64,iVBORw0KGgoAAAANSUhEUgAAAGQAAABkCAYAAABw4pVUAAAABmJLR0QA/wD/AP+gvaeTAAAA/ElEQVR4nO3aMYrDQBQFwS8d0texdJ49pByYNdrQ0TRsVaL0QTMDA9qec1xzc86xDcvsqwfwlyAxgsQIEiNIjCAxgsQIEiNIjCAxgsQIEiNIjCAxgsQIEiNIjCAxgsQIEiNIjCAxgsQIEiNIjCAxgsQIEiNIzH7/2/2c57lyDE5IjiAxgsQIEiNIjCAxgsQIEiNIjCAxgsQIEiNIjCAxgsQIEiNIjCAxghRdM9f1/hyrt/x3TkiMIDH3II9lK/j4BNlmflYO4c2VFSNIjCAxgsQIEiNIjCAxgsT8BvFKj9hnvNJLXFkxgsQIEiNIjCAAAAAAAAAAAAAAAMCXXmGCDYxjdwliAAAAAElFTkSuQmCC"`;

exports[`Correctly render bar graph where: scale < 1, final bin size = 1 the graph has two datasets one with globalAlpha set 2`] = `""`;

exports[`Correctly render bar graph where: scale = 1 colored 1`] = `"data:image/png;base64,iVBORw0KGgoAAAANSUhEUgAAAGQAAABkCAYAAABw4pVUAAAABmJLR0QA/wD/AP+gvaeTAAABLklEQVR4nO3XsQrCQBRFwbf5/3+OnSgGtBD3gDNtUiwcbvHWOXPOhTWzHr+tmXX1H9917H4AzwSJESRGkBhBYgSJESRGkBhBYg4XeIuFxAgSI0iMIDGCxAgSI0iMIDGCxNyDuNgbLCRGkBhBYgSJESRGkBhBYgSJESTmoyCu+N+xkBhBYgSJESRGkBhBYgSJESRGkJiXIK7yvSwkRpAYQWIEiREkRpAYQWIEiREk5jKIa30fC4kRJEaQGEFiBIkRJEaQGEFiBIk5ZlzmJRYSI0iMIDGCxAgSI0iMIDGCxAgS8zaIK/63LCRGkBhBYgSJESRGkBhBYgSJESRGkBhBYgSJESRGkBhBYgSJESRGkBhBys6Zc/cb/p2FxAgSI0iMIDGCxAgSI0iMIDGCxNwAYAoG0jMcjXcAAAAASUVORK5CYII="`;

exports[`Correctly render bar graph where: scale = 1 margin 1`] = `"data:image/png;base64,iVBORw0KGgoAAAANSUhEUgAAAGQAAAB4CAYAAAAE9le0AAAABmJLR0QA/wD/AP+gvaeTAAABMElEQVR4nO3XMQrDQBAEwZX+/2c5MlhggRLrGlyVXnLQTLAzAAAAQMc2M8fNt+3332Ff/QHOBIkRJEaQGEFiBIkRJEaQGEFi9nGBp1hIjCAxgsQIEiNIjCAxgsQIEiNIzGcQF3uAhcQIEiNIjCAxgsQIEiNIjCAxgsTcDeKKf4iFxAgSI0iMIDGCxAgSI0iMIDGCxHwL4ipfyEJiBIkRJEaQGEFiBIkRJEaQGEFiroK41hexkBhBYgSJESRGkBhBYgSJESRGkJh3EJd5hIXECBIjSIwgMYLECBIjSIwgMYLE3Aniin+QhcQIEiNIjCAxgsQIEiNIjCAxgsQIEiNIjCAxgsQIEiNIjCAxgsQIEiNI3LH6A//OQmIEiREkRpAYQWIEiREkRpAYQQAAAAAuvQCQlAPMR5GyNAAAAABJRU5ErkJggg=="`;

exports[`Correctly render bar graph where: scale = 1 margin top and bottom, inverted 1`] = `"data:image/png;base64,iVBORw0KGgoAAAANSUhEUgAAAGQAAAB9CAYAAABUO8YHAAAABmJLR0QA/wD/AP+gvaeTAAABMklEQVR4nO3XMQrDQBAEwZX+/2c5MtgggxLpGlyVXnLQTLAzAAAAAAAAAMCZbWaOi2/b/d9hX/0BvgkSI0iMIDGCxAgSI0iMIDGCxOzjAk+xkBhBYgSJESRGkBhBYgSJESRGkJjPIC72AAuJESRGkBhBYgSJESRGkBhBYgSJuRrEFf8QC4kRJEaQGEFiBIkRJEaQGEFiBIk5C+IqX8hCYgSJESRGkBhBYgSJESRGkBhBYn4Fca0vYiExgsQIEiNIjCAxgsQIEiNIjCAx7yAu8wgLiREkRpAYQWIEiREkRpAYQWIEibkSxBX/IAuJESRGkBhBYgSJESRGkBhBYgSJESRGkBhBYgSJESRGkBhBYgSJESRGkLhj9Qf+nYXECBIjSIwgMYLECBIjSIwgMYIAANzhBeHAA8whVanqAAAAAElFTkSuQmCC"`;

exports[`Correctly render bar graph where: scale = 1 margin top and bottom, not inverted 1`] = `"data:image/png;base64,iVBORw0KGgoAAAANSUhEUgAAAGQAAAB9CAYAAABUO8YHAAAABmJLR0QA/wD/AP+gvaeTAAABM0lEQVR4nO3XsQrCQBRFwZf8/z/HSlBQSGP2qDPtNguHW7wZAOAnbDNznHzbPv8d9tUf4JkgMYLECBIjSIwgMYLECBIjSMw+LvAUC4kRJEaQGEFiBIkRJEaQGEFiBIl5DOJiD7CQGEFiBIkRJEaQGEFiBIkRJEaQmLNBXPEXsZAYQWIEiREkRpAYQWIEiREkRpCYV0Fc5QtZSIwgMYLECBIjSIwgMYLECBIjSMy7IK71RSwkRpAYQWIEiREkRpAYQWIEiREk5h7EZR5hITGCxAgSI0iMIDGCxAgSI0iMIDFngrjiL2QhMYLECBIjSIwgMYLECBIjSIwgMYLECBIjSIwgMYLECBIjSIwgMYLECBJ3rP7Av7OQGEFiBIkRJEaQGEFiBIkRJEYQAAAAAAAAAOAr3AAFuwPMO6vnugAAAABJRU5ErkJggg=="`;

exports[`Correctly render bar graph where: scale = 1 no margin 1`] = `"data:image/png;base64,iVBORw0KGgoAAAANSUhEUgAAAGQAAABkCAYAAABw4pVUAAAABmJLR0QA/wD/AP+gvaeTAAABKklEQVR4nO3XsQqDQBRFwV3//59NFYhBwSK4BzLTarFwuMWbY4x9nJtf3+bFf/zQtvoBHAkSI0iMIDGCxAgSI0iMIDGCxGzDBZ5iITGCxAgSI0iMIDGCxAgSI0iMIDGfQVzsARYSI0iMIDGCxAgSI0iMIDGCxAgSczeIK/4hFhIjSIwgMYLECBIjSIwgMYLECBJzFsRVvpCFxAgSI0iMIDGCxAgSI0iMIDGCxFwFca0vYiExgsQIEiNIjCAxgsQIEiNIjCAx7yAu8wgLiREkRpAYQWIEiREkRpAYQWIEibkTxBX/IAuJESRGkBhBYgSJESRGkBhBYgSJESRGkBhBYgSJESRGkBhBYgSJESRGkLh99QP+nYXECBIjSIwgMYLECBIjSIwgMYLEvAAD/QPMcB0/tAAAAABJRU5ErkJggg=="`;

exports[`Correctly render bar graph where: scale = 1 the graph has two datasets coloured red and blue 1`] = `"data:image/png;base64,iVBORw0KGgoAAAANSUhEUgAAAGQAAABkCAYAAABw4pVUAAAABmJLR0QA/wD/AP+gvaeTAAABPElEQVR4nO3aQWrDQBBFwR6R+195vDJYEByDQXqQqrUWgsdfiNaa2Xs+stZnz/GN4+4X4EyQGEFiBIkRJEaQGEFiBIkRJObXIHvW+DK/h4XECBIjSIwgMYLECBIjSIwgMYLEvATxZV5gITGCxAgSI0iMIDGCxAgSI0iMIDHHzPOGToGFxAgSI0iMIDGCxAgSI0iMIDGCxBxu6S0WEiNIjCAxgsQIEiNIjCAxgsQIEnMK8rytr3Fkv4uFxAgSI0iMIDGCxAgSI0iMIDGCxBwz77/M/Rl/LQuJESRGkBhBYgSJESRGkBhBYgSJ+fnrgeXEfikLiREkRpAYQWIEiREkRpAYQWIEiXkbxD39ehYSI0iMIDGCxAgSI0iMIDGCxAhStmf23e/w31lIjCAxgsQIEiNIjCAxgsQIEiNIzAOUGQnTM2rWBQAAAABJRU5ErkJggg=="`;

exports[`Correctly render bar graph where: scale = 1 the graph has two datasets coloured red and blue 2`] = `""`;

exports[`Correctly render bar graph where: scale = 1 the graph has two datasets one with globalAlpha set 1`] = `"data:image/png;base64,iVBORw0KGgoAAAANSUhEUgAAAGQAAABkCAYAAABw4pVUAAAABmJLR0QA/wD/AP+gvaeTAAABWUlEQVR4nO3awUrDUBBA0Unwv5N8eV1IlUq1m9pc8By6SckicJnFY96yzX6ZO47Zjm2O7et5X+69x3OtZ38AtwSJESRGkBhBYgSJESRGkBhBYtZjtuP7n/vsM7PsJ3zPv2dCYgSJESRGkBhBYgSJESRGkBhBYj6D2Jk3mJAYQWIEiREkRpAYQWIEiREkRpCYdea6Q//Zvb07f8OExAgSI0iMIDGCxAgSI0iMIDGCxKzfb7k7lZ/LhMQIEiNIjCAxgsQIEiNIjCAxgsTcBLnu1pcZN+FPYkJiBIkRJEaQGEFiBIkRJEaQGEFi1pnfT+aPbsbzXCYkRpAYQWIEiREkRpAYQWIEiREk5u3RC4sV+0uZkBhBYgSJESRGkBhBYgSJESRGkLLLx2+/feaVTEiMIDGCxAgSI0iMIDGCxAgSI0iZk/n5TEiMIDGCxAgSI0iMIDGCxAgSI0jMO25AGM0vaaiZAAAAAElFTkSuQmCC"`;

exports[`Correctly render bar graph where: scale = 1 the graph has two datasets one with globalAlpha set 2`] = `""`;

exports[`Correctly render bar graph where: scale > 1 colored 1`] = `"data:image/png;base64,iVBORw0KGgoAAAANSUhEUgAAAGQAAABkCAYAAABw4pVUAAAABmJLR0QA/wD/AP+gvaeTAAABOElEQVR4nO3aQQqEMBAAwWTx/192P7BCYIUU2nUWBZs5jHGeY5zjReYYc+W6Xe/ls+OhuVYQTEEwBcEUBFMQTEEwBcEUBHPom+vbNCGYgmAKgikIpiCYgmAKgikIpiCY4+4btvn/pwnBFARTEExBMAXBFARTEExBMAXB3L6p57fVLxhNCKYgmIJgCoIpCKYgmIJgCoIpCIbf1N92Rt+EYAqCKQimIJiCYAqCKQimIJiCYPhNfdXqRq9rQjAFwRQEUxBMQTAFwRQEUxBMQTDLm/pTNmFdE4IpCKYgmIJgCoIpCKYgmIJgCoJ5zJn6Lnd/wWhCMAXBFARTEExBMAXBFARTEExBMAXBFARTEExBMAXBFARTEExBMAXBFATTmfqFXX/7NyGYgmAKgikIpiCYgmAKgikIpiCYL5aCCuBdjkaPAAAAAElFTkSuQmCC"`;

exports[`Correctly render bar graph where: scale > 1 margin 1`] = `"data:image/png;base64,iVBORw0KGgoAAAANSUhEUgAAAGQAAAB4CAYAAAAE9le0AAAABmJLR0QA/wD/AP+gvaeTAAABRklEQVR4nO3aQQ6CQBAAwcXw/y/rByTBKG4DVWeDhs4cZtcxAAAAgI5ljPGc/SP+bNn5uSnv5THjS9kmSIwgMYLECBIjSIwgMYLECBKzjvjmejcmJEaQGEFiBIkRJEaQGEFiBIkRJGY94Jk2/y+YkBhBYgSJESRGkBhBYgSJESRGkJgjNnXe23WCYUJiBIkRJEaQGEFiBIkRJEaQGEFizrCp3+qO3oTECBIjSIwgMYLECBIjSIwgMYLEnGFT32vvRp9mQmIEiREkRpAYQWIEiREkRpAYQWI+2dQvsQnXmZAYQWIEiREkRpAYQWIEiREkRpCYK92pz/LTEwwTEiNIjCAxgsQIEiNIjCAxgsQIEiNIjCAxgsQIEiNIjCAxgsQIEiNIjCAx7tS3Tfm3vwmJESRGkBhBYgSJESRGkBhBYgQBAAAA2PQCqrgF3IOVko8AAAAASUVORK5CYII="`;

exports[`Correctly render bar graph where: scale > 1 margin top and bottom, inverted 1`] = `"data:image/png;base64,iVBORw0KGgoAAAANSUhEUgAAAGQAAAB9CAYAAABUO8YHAAAABmJLR0QA/wD/AP+gvaeTAAABSElEQVR4nO3aQQ6CQBAAwcXw/y/rByDBKG4LVWeDhs4cZtcxAAAAAAAAAIAtyxjjOftH/Nhy8HNT3stjxpeyT5AYQWIEiREkRpAYQWIEiREkZh3xzfVuTEiMIDGCxAgSI0iMIDGCxAgSI0jMesIzbf4fMCExgsQIEiNIjCAxgsQIEiNIjCAxZ2zqbDt0gmFCYgSJESRGkBhBYgSJESRGkBhBYv5hU7/VHb0JiREkRpAYQWIEiREkRpAYQWIEifmHTf2ooxt9mgmJESRGkBhBYgSJESRGkBhBYgSJeWdTv8QmXGdCYgSJESRGkBhBYgSJESRGkBhBYq50pz7LV08wTEiMIDGCxAgSI0iMIDGCxAgSI0iMIDGCxAgSI0iMIDGCxAgSI0iMIDGCxLhT3zfl3/4mJEaQGEFiBIkRJEaQGEFiBIkRBADgDC/TpAXcRVJB9AAAAABJRU5ErkJggg=="`;

exports[`Correctly render bar graph where: scale > 1 margin top and bottom, not inverted 1`] = `"data:image/png;base64,iVBORw0KGgoAAAANSUhEUgAAAGQAAAB9CAYAAABUO8YHAAAABmJLR0QA/wD/AP+gvaeTAAABSElEQVR4nO3aQQ6CQBAAwcXw/y/rByTBKG4DVWeDhs4cZtcxAIBLWMYYz9k/4s+WnZ+b8l4eM76UbYLECBIjSIwgMYLECBIjSIwgMeuIb653Y0JiBIkRJEaQGEFiBIkRJEaQGEFi1gOeafP/ggmJESRGkBhBYgSJESRGkBhBYgSJOWJT571dJxgmJEaQGEFiBIkRJEaQGEFiBIkRJOYMm/qt7uhNSIwgMYLECBIjSIwgMYLECBIjSMwZNvW99m70aSYkRpAYQWIEiREkRpAYQWIEiREk5pNN/RKbcJ0JiREkRpAYQWIEiREkRpAYQWIEibnSnfosPz3BMCExgsQIEiNIjCAxgsQIEiNIjCAxgsQIEiNIjCAxgsQIEiNIjCAxgsQIEuNOfduUf/ubkBhBYgSJESRGkBhBYgSJESRGEAAAAAAAAADgFF5wXwXc3dQQsAAAAABJRU5ErkJggg=="`;

exports[`Correctly render bar graph where: scale > 1 no margin 1`] = `"data:image/png;base64,iVBORw0KGgoAAAANSUhEUgAAAGQAAABkCAYAAABw4pVUAAAABmJLR0QA/wD/AP+gvaeTAAABOUlEQVR4nO3aQQqDQBAAwTX4/y8nH4iwIZHtaNVZFGzmMK7bGOM57mWbvG7Je3mseCjHBIkRJEaQGEFiBIkRJEaQGEFi9hHfXO/GhMQIEiNIjCAxgsQIEiNIjCAxgsTsJ9zT5v8FExIjSIwgMYLECBIjSIwgMYLECBJzxqbOe1NfMExIjCAxgsQIEiNIjCAxgsQIEiNIzD9s6rc6ozchMYLECBIjSIwgMYLECBIjSIwgMf+wqc+a3ejTTEiMIDGCxAgSI0iMIDGCxAgSI0jMJ5v6JTbhOhMSI0iMIDGCxAgSI0iMIDGCxAgSc6Uz9VV++gXDhMQIEiNIjCAxgsQIEiNIjCAxgsQIEiNIjCAxgsQIEiNIjCAxgsQIEiNIjDP1Y0v+9jchMYLECBIjSIwgMYLECBIjSIwgMS/NkgXcG0cZtgAAAABJRU5ErkJggg=="`;

exports[`Correctly render bar graph where: scale > 1 the graph has two datasets coloured red and blue 1`] = `"data:image/png;base64,iVBORw0KGgoAAAANSUhEUgAAAGQAAABkCAYAAABw4pVUAAAABmJLR0QA/wD/AP+gvaeTAAABVklEQVR4nO3csY7CMBQAQQfx/7+cqymQHiKcVzBTp4i0eoXtxMda57nIuO1+AR4JEiNIjCAxgsQIEiNIjCAxgsTcd7/AVc51jJ471vDBTTsYJiRGkBhBYgSJESRGkBhBYgSJESTmAyv1I70SrjMhMYLECBIjSIwgMYLECBIjSIwgMeOV+gtn1rzBhMQIEiNIjCAxgsQIEiNIjCAxgsTc52fgyxn4PzAhMYLECBIjSIwgMYLECBIjSIwgMdv+U5+f0c82COb/n7eZkBhBYgSJESRGkBhBYgSJESRGkJjxSv1bVsJXu3rHwYTECBIjSIwgMYLECBIjSIwgMYLEfM3d77vMdzBmj5mQGEFiBIkRJEaQGEFiBIkRJEaQGCv1J3bdoGdCYgSJESRGkBhBYgSJESRGkBhBYrZ90X4Ob6j7ta/uTUiMIDGCxAgSI0iMIDGCxAgSI0jMH7l5EN/HskMZAAAAAElFTkSuQmCC"`;

exports[`Correctly render bar graph where: scale > 1 the graph has two datasets coloured red and blue 2`] = `""`;

exports[`Correctly render bar graph where: scale > 1 the graph has two datasets one with globalAlpha set 1`] = `"data:image/png;base64,iVBORw0KGgoAAAANSUhEUgAAAGQAAABkCAYAAABw4pVUAAAABmJLR0QA/wD/AP+gvaeTAAABi0lEQVR4nO3cQU7DUAxAQQdx76YnLxcAyYugDPTNOiqlT144+e3xmPM1b+Q5j+fmusc8H7/9Xr7zcccfzc8KgikIpiCYgmAKgikIpiCYgmCOmde5ufCuzXXrnNW/McfMsbnurjsYTQimIJiCYAqCKQimIJiCYAqCKQjm8+oXfM5Jb8K6JgRTEExBMAXBFARTEExBMAXBFASz3tS3z6xXR8vf0PbUfROCKQimIJiCYAqCKQimIJiCYAqC+Zw5div4zC2n37cb7jknfTp/qwnBFARTEExBMAXBFARTEExBMAXBXH76fWv/jH63gG+/f65rQjAFwRQEUxBMQTAFwRQEUxBMQTDrTf2/bMJXu/qOQxOCKQimIJiCYAqCKQimIJiCYAqCue2Z+n+xv4Oxu6wJwRQEUxBMQTAFwRQEUxBMQTAFwdz2nPw1s/rt92Neyx+pW3/ffmX//q79DJsQTEEwBcEUBFMQTEEwBcEUBFMQzB/Y1N/r1H0TgikIpiCYgmAKgikIpiCYgmAKgvkCi2sh1uGihQwAAAAASUVORK5CYII="`;

exports[`Correctly render bar graph where: scale > 1 the graph has two datasets one with globalAlpha set 2`] = `""`;

exports[`Correctly render bar graph where: yRange is set with margin yRange = [ -1, 0 ] 1`] = `"data:image/png;base64,iVBORw0KGgoAAAANSUhEUgAAAGQAAABSCAYAAACiwXHkAAAABmJLR0QA/wD/AP+gvaeTAAAA6klEQVR4nO3cIQ7DMBAAwUv+/+cGBFQNSFi8lWaIDS2tzsDAM6fPZb3uecm++gD8EiRGkBhBYgSJESRGkBhBYgSJEQSeeMcKcWXFCBIjSIwgMYLECBIjSIwgMfvMbKsPwZcJiREkRpAYQWIEiREkRpAYQWIEiREkRpAYQWIEiREkRpAYQWIEiREkRpAYQWIEiREkRpAYQWIEiREkRpAYQWIEiREkRpAYQWIEiREkRpAYQWIEiREkRpA/4QOzRUxIjCAxgsQIEiNIjCAxgsQIEiNIjCAxgsQIEiNIjCAxgsQIEiNIjCAxgsCdA4GPB5VIAl0tAAAAAElFTkSuQmCC"`;

exports[`Correctly render bar graph where: yRange is set with margin yRange = [ -1, 5 ] 1`] = `"data:image/png;base64,iVBORw0KGgoAAAANSUhEUgAAAGQAAAASCAYAAACtmXuIAAAABmJLR0QA/wD/AP+gvaeTAAAAV0lEQVRYhe3YIRLAIAxFwZT737mIig6ICkTzxa4BmZk3QVD1uLdzv/OT0T0AK0ECea6C2JAwo6qu7iF42ZAwgoQRJIwgYQQJI0gYQeCEr5MmnqwwgsCXCQ0mBxWjVlgqAAAAAElFTkSuQmCC"`;

exports[`Correctly render bar graph where: yRange is set with margin yRange = [ -5, 5 ] 1`] = `"data:image/png;base64,iVBORw0KGgoAAAANSUhEUgAAAGQAAAAOCAYAAADZjbloAAAABmJLR0QA/wD/AP+gvaeTAAAAUElEQVRYhe3WIQ4AIQwF0YH73xnEik0qEAj6xTwDOJIJDfBZKMIsZ8M0q0HUzCBhTkEcXw18IYFWWeteD01gdF9CP0dWGIOEMYh0w1+WBLAB8J4HDdjdiQwAAAAASUVORK5CYII="`;

exports[`Correctly render bar graph where: yRange is set with margin yRange = [ 0, 1 ] 1`] = `"data:image/png;base64,iVBORw0KGgoAAAANSUhEUgAAAGQAAABICAYAAAAAjFAZAAAABmJLR0QA/wD/AP+gvaeTAAAAzElEQVR4nO3bsQqAIBRAUen//7mGphykKW9wzqLjg4sOgmPczmmd93xIjJBj9wA8CRIjSIwgMYLECBIjSIwgMYLAW55OAlxZMYLECBIjSIwgMYLECBIjSIwgMYLECBIjSIwgMYLECBIjSIwgMYLECBIjSIwgMYLECBIjSIwgMYLECBIjSIwgMYLECBIjSIwgMYLECBIjSIwgMYL8hG/RmzghMYLECBIjSIwgMYLECBIjSIwgMYLECBIjSIwgMYLECBIjSIwgMYLECAIrFxVcCXxzAn3AAAAAAElFTkSuQmCC"`;

exports[`Correctly render bar graph where: yRange is set with margin yRange = [ 0.5, 7.5 ] 1`] = `"data:image/png;base64,iVBORw0KGgoAAAANSUhEUgAAAGQAAABDCAYAAABqS6DaAAAABmJLR0QA/wD/AP+gvaeTAAAAyElEQVR4nO3cMQrDQAwAQdn//7NdhGDswmVuAzONrhQsam9m5piP73y++aF99QLcCRIjSIwgMYLE7DOzrV6CiwuJESRGkBhBYgSJESRGkBhBYgSJESRGkBhBYgSJESRGkBhBYgSJESRGkBhBYgSJESRGkBhBYgSJESRGkBhBYgSJESRGkBhBYgSJESRGkBhBYgSJESRGkD/hN6BFXEiMIDGCxAgSI0iMIDGCxAgSI0iMIDGCxAgSI0iMIDGCxAgSI0iMIDGCwJsTypMEfjlH9JYAAAAASUVORK5CYII="`;

exports[`Correctly render bar graph where: yRange is set with no margin yRange = [ -1, 0 ] 1`] = `"data:image/png;base64,iVBORw0KGgoAAAANSUhEUgAAAGQAAABQCAYAAADvCdDvAAAABmJLR0QA/wD/AP+gvaeTAAAA5klEQVR4nO3csQ2AMAwAQcP+O0NBgWAA8kh3TVJaerlIk5nL8Trfdz6yrx6AJ0FiBIkRJEaQGEFiBIkRJEaQIK/0EBsSI0iMIDGCxAgSI0iMIDGCxAgSs8/MtnoIbjYkRpAYQWIEiREkRpAYQWIEiREkRpAYQWIEiREkRpAYQWIEiREkRpAYQWIEiREkRpAYQWIEiREkRpAYQWIEiREkRpAYQWIEiREkRpAYQWIEiREkRpAYQX7Cj3KL2JAYQWIEiREkRpAYQWIEiREkRpAYQWIEiREkRpAYQWIEiREkRpAYQWIEiTkBfG8Hlbg8TSYAAAAASUVORK5CYII="`;

exports[`Correctly render bar graph where: yRange is set with no margin yRange = [ -1, 5 ] 1`] = `"data:image/png;base64,iVBORw0KGgoAAAANSUhEUgAAAGQAAAAQCAYAAADgUdqDAAAABmJLR0QA/wD/AP+gvaeTAAAAUUlEQVRYhe3XMQ4AEBQE0eX+d6ZQSOj9kcxrKCWTLSTLOM7zrkd69QN0cx0gLgSmJ2nVj9DmQmAMAmMQGIPAGATGIDAG+YQ/9SIuBMYgMAaBmas3BxUnnV5IAAAAAElFTkSuQmCC"`;

exports[`Correctly render bar graph where: yRange is set with no margin yRange = [ -5, 5 ] 1`] = `"data:image/png;base64,iVBORw0KGgoAAAANSUhEUgAAAGQAAAAMCAYAAACURRhjAAAABmJLR0QA/wD/AP+gvaeTAAAATElEQVRYhe3VMQoAIAxD0dj731kHB1HENRH+W7oWQlpp6seESbkXwI5AwrwC4XwZ0JBAt4dOO0xKUnMvgYWTFYZAwhDIJ3jqJjQkzADAlQcNUcuF4AAAAABJRU5ErkJggg=="`;

exports[`Correctly render bar graph where: yRange is set with no margin yRange = [ 0, 1 ] 1`] = `"data:image/png;base64,iVBORw0KGgoAAAANSUhEUgAAAGQAAABGCAYAAAA6hjFpAAAABmJLR0QA/wD/AP+gvaeTAAAA0ElEQVR4nO3cQQrDMAwAQdX//3NzKCGkD4g3MHORj4JFV8/MfOfnnP9vHrR2L8CdIDGCxAgSI0iMIDGCxAgSI0jMmpnP7iW4uJAYQWIEiREkRpAYQWIEiREkRpAYQWIEiREkRpAYQWIEiREkRpAYQWIEiREkRpAYQWIEiREkRpAYQWIEiREkRpAYQWIEiREkRpAYQWIEiREkRpAYQWIEeQk/ym3iQmIEiREkRpAYQWIEiREkRpAYQWIEiREkRpAYQWIEiREkRpAYQWIEiREk5gDPagSGMjUY4AAAAABJRU5ErkJggg=="`;

exports[`Correctly render bar graph where: yRange is set with no margin yRange = [ 0.5, 7.5 ] 1`] = `"data:image/png;base64,iVBORw0KGgoAAAANSUhEUgAAAGQAAABBCAYAAAAngwHRAAAABmJLR0QA/wD/AP+gvaeTAAAAxUlEQVR4nO3cQQrDMAwAQdX//3NzKCGkD4g3MHORj4JFV8/MfOfnnP9vHrR2L8CdIDGCxAgSs2bms3sJLi4kRpAYQWIEiREkRpAYQWIEiREkRpAYQWIEiREkRpAYQWIEiREkRpAYQWIEiREkRpAYQWIEiREkRpAYQWIEiREkRpAYQWIEiREkRpAYQWIEiREkRpAYQV7C5zObuJAYQWIEiREkRpAYQWIEiREkRpAYQWIEiREkRpAYQWIEiREkRpAYQWIEiTkARQEEfP5tbywAAAAASUVORK5CYII="`;
